error: recursion limit reached
  --> ROOT/tests/ui/parser/recursion_limit.sol:LL:CC
   |
LL | ...{{{{{{{{{{{{{{{{{{{{{{{{{{{{{{{{{{{{{{{{{{{{{{{{{{{{{{}}}}}}}}}}}}}}}}}}}}}}}}}}}}}}}}}}}}}}}}}}}}}}}}}}}}}}}}}}}}}}}}}}}}}}}}}}}...
   |                                                        -^
   |                                                        |
   |                                                        while parsing statement

error: aborting due to 1 previous error

